START variance_math_tests
DONE variance_math_tests 1.95
START baseline
DONE baseline 11.62
START local_layer1
DONE local_layer1 214.84
START local_layer4
DONE local_layer4 220.74
START local_layer5
DONE local_layer5 227.55
START local_layer6
DONE local_layer6 218.14
START local_layer7
DONE local_layer7 240.59
START local_layer8
DONE local_layer8 246.78
START local_layer9
DONE local_layer9 235.94
START local_layer10
DONE local_layer10 242.31
START local_layer11
DONE local_layer11 223.73
START local_layer12
DONE local_layer12 243.26
START local_layer13
DONE local_layer13 249.05
START local_layer14
DONE local_layer14 236.73
START local_layer15
DONE local_layer15 245.36
START local_layer16
DONE local_layer16 238.6
START local_layer17
DONE local_layer17 221.03
START local_layer18
DONE local_layer18 220.82
START local_layer19
DONE local_layer19 245.73
START local_layer20
DONE local_layer20 219.68
START local_layer21
DONE local_layer21 240.94
START local_layer22
DONE local_layer22 246.68
START joint_reference
DONE joint_reference 532.22
START reference_n4_seed0
DONE reference_n4_seed0 395.94
INITIAL_JOB_COMPLETE
